// Jest Snapshot v1, https://goo.gl/fbAQLP

exports[`<PassReset/> renders page without crashing  1`] = `
<div>
  <div />
  <div
    className=" col-lg-offset-4 col-md-4 "
  >
    <div
      className="panel panel-success"
    >
      <div
        className="panel-heading"
      >
        Password Reset
      </div>
      <div
        className="panel-body"
      >
        <form
          onSubmit={[Function]}
        >
          <div
            className="form-group"
          >
            <input
              className="form-control"
              id="email"
              onChange={[Function]}
              placeholder="Enter your Email"
              required={true}
              type="email"
            />
          </div>
          <div
            className="form-group"
          >
            <input
              className="btn btn-primary"
              type="submit"
              value="submit"
            />
          </div>
        </form>
      </div>
    </div>
  </div>
</div>
`;
